<?xml version="1.0" encoding="utf-8"?><testsuites><testsuite name="pytest" errors="0" failures="0" skipped="0" tests="15" time="0.713" timestamp="2024-11-30T10:29:30.464667-03:00" hostname="DESKTOP-RRNFVDK"><testcase classname="test.currency_test.TestCurrency" name="testAddValue" time="0.003" /><testcase classname="test.currency_test.TestCurrency" name="testCurrencyInstance" time="0.002" /><testcase classname="test.currency_test.TestCurrency" name="testCurrencyInstanceError" time="0.002" /><testcase classname="test.currency_test.TestCurrency" name="testSetValue" time="0.001" /><testcase classname="test.currency_test.TestCurrency" name="testSubtractValue" time="0.001" /><testcase classname="test.currency_test.TestCurrency" name="testSubtractValueInsufficient" time="0.001" /><testcase classname="test.currency_test.TestCurrency" name="testSubtractValueZeroBalance" time="0.004" /><testcase classname="test.item_test.TestCurrency" name="testItemInstance" time="0.003" /><testcase classname="test.item_test.TestCurrency" name="testItemInstanceError" time="0.001" /><testcase classname="test.shop_test.TestShop" name="testShopAddItem" time="0.006" /><testcase classname="test.shop_test.TestShop" name="testShopAddItemError" time="0.003" /><testcase classname="test.shop_test.TestShop" name="testShopInstance" time="0.001" /><testcase classname="test.utils_manual_test.TestGlobalItens" name="testLoadCsv" time="0.020" /><testcase classname="test.utils_test.TestUtils" name="testDiceInstance" time="0.001" /><testcase classname="test.utils_test.TestUtils" name="testDiceInstanceError" time="0.001" /></testsuite></testsuites>